error: `#[panic_handler]` function required, but not found

error[E0308]: arguments to this function are incorrect
  --> $DIR/issue-54505-no-std.rs:27:5
   |
LL |     take_range(0..1);
   |     ^^^^^^^^^^^----^
   |                |
   |                expected `&_`, found `Range<_>`
   |
note: function defined here
  --> $DIR/issue-54505-no-std.rs:23:4
   |
LL | fn take_range(_r: &impl RangeBounds<i8>) {}
   |    ^^^^^^^^^^ -------------------------
help: provide an argument of the correct type
   |
LL |     take_range({&_});
   |     ^^^^^^^^^^^^^^^^

error[E0308]: arguments to this function are incorrect
  --> $DIR/issue-54505-no-std.rs:32:5
   |
LL |     take_range(1..);
   |     ^^^^^^^^^^^---^
   |                |
   |                expected `&_`, found `RangeFrom<_>`
   |
note: function defined here
  --> $DIR/issue-54505-no-std.rs:23:4
   |
LL | fn take_range(_r: &impl RangeBounds<i8>) {}
   |    ^^^^^^^^^^ -------------------------
help: provide an argument of the correct type
   |
LL |     take_range({&_});
   |     ^^^^^^^^^^^^^^^^

error[E0308]: arguments to this function are incorrect
  --> $DIR/issue-54505-no-std.rs:37:5
   |
LL |     take_range(..);
   |     ^^^^^^^^^^^--^
   |                |
   |                expected `&_`, found `RangeFull`
   |
note: function defined here
  --> $DIR/issue-54505-no-std.rs:23:4
   |
LL | fn take_range(_r: &impl RangeBounds<i8>) {}
   |    ^^^^^^^^^^ -------------------------
help: provide an argument of the correct type
   |
LL |     take_range({&_});
   |     ^^^^^^^^^^^^^^^^

error[E0308]: arguments to this function are incorrect
  --> $DIR/issue-54505-no-std.rs:42:5
   |
LL |     take_range(0..=1);
   |     ^^^^^^^^^^^-----^
   |                |
   |                expected `&_`, found `RangeInclusive<_>`
   |
note: function defined here
  --> $DIR/issue-54505-no-std.rs:23:4
   |
LL | fn take_range(_r: &impl RangeBounds<i8>) {}
   |    ^^^^^^^^^^ -------------------------
help: provide an argument of the correct type
   |
LL |     take_range({&_});
   |     ^^^^^^^^^^^^^^^^

error[E0308]: arguments to this function are incorrect
  --> $DIR/issue-54505-no-std.rs:47:5
   |
LL |     take_range(..5);
   |     ^^^^^^^^^^^---^
   |                |
   |                expected `&_`, found `RangeTo<_>`
   |
note: function defined here
  --> $DIR/issue-54505-no-std.rs:23:4
   |
LL | fn take_range(_r: &impl RangeBounds<i8>) {}
   |    ^^^^^^^^^^ -------------------------
help: provide an argument of the correct type
   |
LL |     take_range({&_});
   |     ^^^^^^^^^^^^^^^^

error[E0308]: arguments to this function are incorrect
  --> $DIR/issue-54505-no-std.rs:52:5
   |
LL |     take_range(..=42);
   |     ^^^^^^^^^^^-----^
   |                |
   |                expected `&_`, found `RangeToInclusive<_>`
   |
note: function defined here
  --> $DIR/issue-54505-no-std.rs:23:4
   |
LL | fn take_range(_r: &impl RangeBounds<i8>) {}
   |    ^^^^^^^^^^ -------------------------
help: provide an argument of the correct type
   |
LL |     take_range({&_});
   |     ^^^^^^^^^^^^^^^^

error: aborting due to 7 previous errors

For more information about this error, try `rustc --explain E0308`.
